Archive member included to satisfy reference by file (symbol)

../../../../build/litex_m2sdr_baseboard_eth_cpu_standard/software/libc/libc.a(minimal__home_govindws_work_project_litex_m2_litex_m2sdr_build_litex_m2sdr_baseboard_eth_cpu_standard_software_include_.._picolibc_src_libc_ctype_ctype_.o)
                              (--whole-archive)
../../../../build/litex_m2sdr_baseboard_eth_cpu_standard/software/libc/libc.a(minimal__home_govindws_work_project_litex_m2_litex_m2sdr_build_litex_m2sdr_baseboard_eth_cpu_standard_software_include_.._picolibc_src_libc_errno_errno.o)
                              (--whole-archive)
../../../../build/litex_m2sdr_baseboard_eth_cpu_standard/software/libc/libc.a(minimal__home_govindws_work_project_litex_m2_litex_m2sdr_build_litex_m2sdr_baseboard_eth_cpu_standard_software_include_.._picolibc_src_libc_string_strchr.o)
                              (--whole-archive)
../../../../build/litex_m2sdr_baseboard_eth_cpu_standard/software/libc/libc.a(minimal__home_govindws_work_project_litex_m2_litex_m2sdr_build_litex_m2sdr_baseboard_eth_cpu_standard_software_include_.._picolibc_src_libc_string_strncpy.o)
                              (--whole-archive)
../../../../build/litex_m2sdr_baseboard_eth_cpu_standard/software/libc/libc.a(minimal__home_govindws_work_project_litex_m2_litex_m2sdr_build_litex_m2sdr_baseboard_eth_cpu_standard_software_include_.._picolibc_src_libc_string_strncmp.o)
                              (--whole-archive)
../../../../build/litex_m2sdr_baseboard_eth_cpu_standard/software/libc/libc.a(minimal__home_govindws_work_project_litex_m2_litex_m2sdr_build_litex_m2sdr_baseboard_eth_cpu_standard_software_include_.._picolibc_src_libc_string_strnlen.o)
                              (--whole-archive)
../../../../build/litex_m2sdr_baseboard_eth_cpu_standard/software/libc/libc.a(minimal__home_govindws_work_project_litex_m2_litex_m2sdr_build_litex_m2sdr_baseboard_eth_cpu_standard_software_include_.._picolibc_src_libc_stdio_fgetc.o)
                              (--whole-archive)
../../../../build/litex_m2sdr_baseboard_eth_cpu_standard/software/libc/libc.a(minimal__home_govindws_work_project_litex_m2_litex_m2sdr_build_litex_m2sdr_baseboard_eth_cpu_standard_software_include_.._picolibc_src_libc_stdio_fputc.o)
                              (--whole-archive)
../../../../build/litex_m2sdr_baseboard_eth_cpu_standard/software/libc/libc.a(minimal__home_govindws_work_project_litex_m2_litex_m2sdr_build_litex_m2sdr_baseboard_eth_cpu_standard_software_include_.._picolibc_src_libc_stdio_fputs.o)
                              (--whole-archive)
../../../../build/litex_m2sdr_baseboard_eth_cpu_standard/software/libc/libc.a(minimal__home_govindws_work_project_litex_m2_litex_m2sdr_build_litex_m2sdr_baseboard_eth_cpu_standard_software_include_.._picolibc_src_libc_stdio_printf.o)
                              (--whole-archive)
../../../../build/litex_m2sdr_baseboard_eth_cpu_standard/software/libc/libc.a(minimal__home_govindws_work_project_litex_m2_litex_m2sdr_build_litex_m2sdr_baseboard_eth_cpu_standard_software_include_.._picolibc_src_libc_stdio_puts.o)
                              (--whole-archive)
../../../../build/litex_m2sdr_baseboard_eth_cpu_standard/software/libc/libc.a(minimal__home_govindws_work_project_litex_m2_litex_m2sdr_build_litex_m2sdr_baseboard_eth_cpu_standard_software_include_.._picolibc_src_libc_stdio_strtoul.o)
                              (--whole-archive)
../../../../build/litex_m2sdr_baseboard_eth_cpu_standard/software/libc/libc.a(minimal__home_govindws_work_project_litex_m2_litex_m2sdr_build_litex_m2sdr_baseboard_eth_cpu_standard_software_include_.._picolibc_src_libc_stdlib_lldiv.o)
                              (--whole-archive)
../../../../build/litex_m2sdr_baseboard_eth_cpu_standard/software/libc/libc.a(minimal__home_govindws_work_project_litex_m2_litex_m2sdr_build_litex_m2sdr_baseboard_eth_cpu_standard_software_include_.._picolibc_src_libc_machine_riscv_memcpy-asm.o)
                              (--whole-archive)
../../../../build/litex_m2sdr_baseboard_eth_cpu_standard/software/libc/libc.a(minimal__home_govindws_work_project_litex_m2_litex_m2sdr_build_litex_m2sdr_baseboard_eth_cpu_standard_software_include_.._picolibc_src_libc_machine_riscv_memmove.o)
                              (--whole-archive)
../../../../build/litex_m2sdr_baseboard_eth_cpu_standard/software/libc/libc.a(minimal__home_govindws_work_project_litex_m2_litex_m2sdr_build_litex_m2sdr_baseboard_eth_cpu_standard_software_include_.._picolibc_src_libc_machine_riscv_memset.o)
                              (--whole-archive)
../../../../build/litex_m2sdr_baseboard_eth_cpu_standard/software/libc/libc.a(minimal__home_govindws_work_project_litex_m2_litex_m2sdr_build_litex_m2sdr_baseboard_eth_cpu_standard_software_include_.._picolibc_src_libc_machine_riscv_strcmp.o)
                              (--whole-archive)
[...]
Memory Configuration

Name             Origin             Length             Attributes
rom              0x00000000         0x00008000
sram             0x10000000         0x00010000
main_ram         0x40000000         0x00020000
csr              0xf0000000         0x00020000
*default*        0x00000000         0xffffffff

Linker script and memory map

LOAD crt0.o
LOAD main.o
LOAD ../../../../build/litex_m2sdr_baseboard_eth_cpu_standard/software/libc/libc.a
LOAD ../../../../build/litex_m2sdr_baseboard_eth_cpu_standard/software/libcompiler_rt/libcompiler_rt.a
LOAD ../../../../build/litex_m2sdr_baseboard_eth_cpu_standard/software/libbase/libbase.a
LOAD ../../../../build/litex_m2sdr_baseboard_eth_cpu_standard/software/libfatfs/libfatfs.a
LOAD ../../../../build/litex_m2sdr_baseboard_eth_cpu_standard/software/liblitespi/liblitespi.a
LOAD ../../../../build/litex_m2sdr_baseboard_eth_cpu_standard/software/liblitedram/liblitedram.a
LOAD ../../../../build/litex_m2sdr_baseboard_eth_cpu_standard/software/libliteeth/libliteeth.a
LOAD ../../../../build/litex_m2sdr_baseboard_eth_cpu_standard/software/liblitesdcard/liblitesdcard.a
LOAD ../../../../build/litex_m2sdr_baseboard_eth_cpu_standard/software/liblitesata/liblitesata.a
                0x00000000                        __DYNAMIC = 0x0

.text           0x40000000     0x1268
                0x40000000                        _ftext = .
 *crt0*(.text)
 .text          0x40000000      0x128 crt0.o
                0x40000000                _start
                0x40000020                trap_entry
 *crt0*(.text)
 *(.text.isr)
 *(.text .stub .text.* .gnu.linkonce.t.*)
 .text          0x40000128      0x19c main.o
 .text.startup  0x400002c4      0x424 main.o
                0x400002c4                main
 .text          0x400006e8       0x24 ../../../../build/litex_m2sdr_baseboard_eth_cpu_standard/software/libc/libc.a(minimal__home_govindws_work_project_litex_m2_litex_m2sdr_build_litex_m2sdr_baseboard_eth_cpu_standard_software_include_.._picolibc_src_libc_string_strnlen.o)
                0x400006e8                strnlen
 .text          0x4000070c       0x48 ../../../../build/litex_m2sdr_baseboard_eth_cpu_standard/software/libc/libc.a(minimal__home_govindws_work_project_litex_m2_litex_m2sdr_build_litex_m2sdr_baseboard_eth_cpu_standard_software_include_.._picolibc_src_libc_stdio_printf.o)
                0x4000070c                printf
 .text          0x40000754      0x6b0 ../../../../build/litex_m2sdr_baseboard_eth_cpu_standard/software/libc/libc.a(minimal__home_govindws_work_project_litex_m2_litex_m2sdr_build_litex_m2sdr_baseboard_eth_cpu_standard_software_include_.._picolibc_src_libc_stdio_vfiprintf.o)
                0x400007a0                __i_vfprintf
                0x400007a0                vfprintf
 .text          0x40000e04       0x5c ../../../../build/litex_m2sdr_baseboard_eth_cpu_standard/software/libc/libc.a(_libc_minimal.a)
 .text          0x40000e60       0x74 ../../../../build/litex_m2sdr_baseboard_eth_cpu_standard/software/libcompiler_rt/libcompiler_rt.a(ctzsi2.o)
                0x40000e60                __ctzsi2
 .text          0x40000ed4      0x284 ../../../../build/litex_m2sdr_baseboard_eth_cpu_standard/software/libbase/libbase.a(uart.o)
                0x40000ed4                uart_isr
                0x40000fd0                uart_read
                0x40001020                uart_read_nonblock
                0x4000103c                uart_write
                0x400010c8                uart_init
                0x40001140                uart_sync
 .text          0x40001158      0x110 ../../../../build/litex_m2sdr_baseboard_eth_cpu_standard/software/libbase/libbase.a(isr.o)
                0x40001158                irq_attach
                0x400011bc                irq_detach
                0x400011c4                isr
                0x40001268                        _etext = .

.rodata         0x40001268      0x3c0
                0x40001268                        . = ALIGN (0x8)
 *fill*         0x40001268        0x0 
                0x40001268                        _frodata = .
 *(.rodata .rodata.* .gnu.linkonce.r.*)
 .rodata.str1.4
                0x40001268      0x317 main.o
                                0x2dc (size before relaxing)
 *fill*         0x4000157f        0x1 
 .rodata        0x40001580       0x11 main.o
 .rodata.str1.4
                0x40001591       0x10 ../../../../build/litex_m2sdr_baseboard_eth_cpu_standard/software/libc/libc.a(minimal__home_govindws_work_project_litex_m2_litex_m2sdr_build_litex_m2sdr_baseboard_eth_cpu_standard_software_include_.._picolibc_src_libc_stdio_vfiprintf.o)
 *fill*         0x40001591        0x3 
 .rodata        0x40001594       0x90 ../../../../build/litex_m2sdr_baseboard_eth_cpu_standard/software/libc/libc.a(minimal__home_govindws_work_project_litex_m2_litex_m2sdr_build_litex_m2sdr_baseboard_eth_cpu_standard_software_include_.._picolibc_src_libc_stdio_vfiprintf.o)
 .rodata.str1.4
                0x40001624       0x2f ../../../../build/litex_m2sdr_baseboard_eth_cpu_standard/software/libbase/libbase.a(isr.o)
 *(.rodata1)
 *(.got .got.*)
 *(.toc .toc.*)
                0x40001658                        . = ALIGN (0x8)
 *fill*         0x40001624        0x4 
                0x40001628                        _erodata = .

.srodata        0x40001628        0xc
 .srodata       0x40001628        0xc ../../../../build/litex_m2sdr_baseboard_eth_cpu_standard/software/libc/libc.a(_libc_minimal.a)
                0x40001628                stdin
                0x4000162c                stderr
                0x40001630                stdout

.rela.dyn       0x40001634        0x0
 .rela.text     0x40001634        0x0 crt0.o

.data           0x10000000       0x10 load address 0x40001634
                0x10000000                        . = ALIGN (0x8)
                0x10000000                        _fdata = .
 *(.data .data.* .gnu.linkonce.d.*)
 .data          0x10000000       0x10 ../../../../build/litex_m2sdr_baseboard_eth_cpu_standard/software/libc/libc.a(_libc_minimal.a)
 *(.data1)
                0x10000010                        _gp = ALIGN (0x10)
 *(.sdata .sdata.* .gnu.linkonce.s.*)
                0x10000010                        . = ALIGN (0x8)
                0x10000010                        _edata = .

.bss            0x10000010      0x118 load address 0x40001644
                0x10000010                        . = ALIGN (0x8)
                0x10000010                        _fbss = .
 *(.dynsbss)
 *(.sbss .sbss.* .gnu.linkonce.sb.*)
 .sbss          0x10000010       0x10 ../../../../build/litex_m2sdr_baseboard_eth_cpu_standard/software/libbase/libbase.a(uart.o)
 .sbss          0x10000020        0x8 ../../../../build/litex_m2sdr_baseboard_eth_cpu_standard/software/libbase/libbase.a(isr.o)
                0x10000020                irq_table
 *(.scommon)
 *(.dynbss)
 *(.bss .bss.* .gnu.linkonce.b.*)
 .bss           0x10000028      0x100 ../../../../build/litex_m2sdr_baseboard_eth_cpu_standard/software/libbase/libbase.a(uart.o)
 *(COMMON)
                0x10000128                        . = ALIGN (0x8)
                0x10000128                        _ebss = .
                0x10000128                        _end = .
                0x10010000                        PROVIDE (_fstack = (ORIGIN (sram) + LENGTH (sram)))
                0x40001634                        PROVIDE (_fdata_rom = LOADADDR (.data))
                [!provide]                        PROVIDE (_edata_rom = (LOADADDR (.data) + SIZEOF (.data)))
OUTPUT(m2sdr_diag.elf elf32-littleriscv)

.riscv.attributes
                0x00000000       0x43
 .riscv.attributes
                0x00000000       0x41 crt0.o
 .riscv.attributes
                0x00000041       0x3f main.o
 .riscv.attributes
                0x00000080       0x3f ../../../../build/litex_m2sdr_baseboard_eth_cpu_standard/software/libc/libc.a(minimal__home_govindws_work_project_litex_m2_litex_m2sdr_build_litex_m2sdr_baseboard_eth_cpu_standard_software_include_.._picolibc_src_libc_string_strnlen.o)
 .riscv.attributes
                0x000000bf       0x3f ../../../../build/litex_m2sdr_baseboard_eth_cpu_standard/software/libc/libc.a(minimal__home_govindws_work_project_litex_m2_litex_m2sdr_build_litex_m2sdr_baseboard_eth_cpu_standard_software_include_.._picolibc_src_libc_stdio_printf.o)
 .riscv.attributes
                0x000000fe       0x3f ../../../../build/litex_m2sdr_baseboard_eth_cpu_standard/software/libc/libc.a(minimal__home_govindws_work_project_litex_m2_litex_m2sdr_build_litex_m2sdr_baseboard_eth_cpu_standard_software_include_.._picolibc_src_libc_stdio_vfiprintf.o)
 .riscv.attributes
                0x0000013d       0x3f ../../../../build/litex_m2sdr_baseboard_eth_cpu_standard/software/libc/libc.a(_libc_minimal.a)
 .riscv.attributes
                0x0000017c       0x3f ../../../../build/litex_m2sdr_baseboard_eth_cpu_standard/software/libcompiler_rt/libcompiler_rt.a(ctzsi2.o)
 .riscv.attributes
                0x000001bb       0x43 ../../../../build/litex_m2sdr_baseboard_eth_cpu_standard/software/libbase/libbase.a(uart.o)
 .riscv.attributes
                0x000001fe       0x43 ../../../../build/litex_m2sdr_baseboard_eth_cpu_standard/software/libbase/libbase.a(isr.o)

.comment        0x00000000       0x34
 .comment       0x00000000       0x34 main.o
                                 0x23 (size before relaxing)
 .comment       0x00000034       0x13 ../../../../build/litex_m2sdr_baseboard_eth_cpu_standard/software/libc/libc.a(minimal__home_govindws_work_project_litex_m2_litex_m2sdr_build_litex_m2sdr_baseboard_eth_cpu_standard_software_include_.._picolibc_src_libc_string_strnlen.o)
 .comment       0x00000034       0x13 ../../../../build/litex_m2sdr_baseboard_eth_cpu_standard/software/libc/libc.a(minimal__home_govindws_work_project_litex_m2_litex_m2sdr_build_litex_m2sdr_baseboard_eth_cpu_standard_software_include_.._picolibc_src_libc_stdio_printf.o)
 .comment       0x00000034       0x13 ../../../../build/litex_m2sdr_baseboard_eth_cpu_standard/software/libc/libc.a(minimal__home_govindws_work_project_litex_m2_litex_m2sdr_build_litex_m2sdr_baseboard_eth_cpu_standard_software_include_.._picolibc_src_libc_stdio_vfiprintf.o)
 .comment       0x00000034       0x13 ../../../../build/litex_m2sdr_baseboard_eth_cpu_standard/software/libc/libc.a(_libc_minimal.a)
 .comment       0x00000034       0x13 ../../../../build/litex_m2sdr_baseboard_eth_cpu_standard/software/libcompiler_rt/libcompiler_rt.a(ctzsi2.o)
 .comment       0x00000034       0x13 ../../../../build/litex_m2sdr_baseboard_eth_cpu_standard/software/libbase/libbase.a(uart.o)
 .comment       0x00000034       0x13 ../../../../build/litex_m2sdr_baseboard_eth_cpu_standard/software/libbase/libbase.a(isr.o)

.debug_line     0x00000000     0x2c7d
 .debug_line    0x00000000      0x1ce crt0.o
 .debug_line    0x000001ce      0x9dd main.o
 .debug_line    0x00000bab       0xf4 ../../../../build/litex_m2sdr_baseboard_eth_cpu_standard/software/libc/libc.a(minimal__home_govindws_work_project_litex_m2_litex_m2sdr_build_litex_m2sdr_baseboard_eth_cpu_standard_software_include_.._picolibc_src_libc_string_strnlen.o)
 .debug_line    0x00000c9f      0x1c9 ../../../../build/litex_m2sdr_baseboard_eth_cpu_standard/software/libc/libc.a(minimal__home_govindws_work_project_litex_m2_litex_m2sdr_build_litex_m2sdr_baseboard_eth_cpu_standard_software_include_.._picolibc_src_libc_stdio_printf.o)
 .debug_line    0x00000e68      0xf35 ../../../../build/litex_m2sdr_baseboard_eth_cpu_standard/software/libc/libc.a(minimal__home_govindws_work_project_litex_m2_litex_m2sdr_build_litex_m2sdr_baseboard_eth_cpu_standard_software_include_.._picolibc_src_libc_stdio_vfiprintf.o)
 .debug_line    0x00001d9d      0x182 ../../../../build/litex_m2sdr_baseboard_eth_cpu_standard/software/libc/libc.a(_libc_minimal.a)
 .debug_line    0x00001f1f      0x1df ../../../../build/litex_m2sdr_baseboard_eth_cpu_standard/software/libcompiler_rt/libcompiler_rt.a(ctzsi2.o)
 .debug_line    0x000020fe      0x7f2 ../../../../build/litex_m2sdr_baseboard_eth_cpu_standard/software/libbase/libbase.a(uart.o)
 .debug_line    0x000028f0      0x38d ../../../../build/litex_m2sdr_baseboard_eth_cpu_standard/software/libbase/libbase.a(isr.o)

.debug_line_str
                0x00000000      0xf2b
 .debug_line_str
                0x00000000      0xf2b crt0.o
                                 0xaa (size before relaxing)
 .debug_line_str
                0x00000f2b      0x4c0 main.o
 .debug_line_str
                0x00000f2b      0x470 ../../../../build/litex_m2sdr_baseboard_eth_cpu_standard/software/libc/libc.a(minimal__home_govindws_work_project_litex_m2_litex_m2sdr_build_litex_m2sdr_baseboard_eth_cpu_standard_software_include_.._picolibc_src_libc_string_strnlen.o)
 .debug_line_str
                0x00000f2b      0x62a ../../../../build/litex_m2sdr_baseboard_eth_cpu_standard/software/libc/libc.a(minimal__home_govindws_work_project_litex_m2_litex_m2sdr_build_litex_m2sdr_baseboard_eth_cpu_standard_software_include_.._picolibc_src_libc_stdio_printf.o)
 .debug_line_str
                0x00000f2b      0x885 ../../../../build/litex_m2sdr_baseboard_eth_cpu_standard/software/libc/libc.a(minimal__home_govindws_work_project_litex_m2_litex_m2sdr_build_litex_m2sdr_baseboard_eth_cpu_standard_software_include_.._picolibc_src_libc_stdio_vfiprintf.o)
 .debug_line_str
                0x00000f2b      0x639 ../../../../build/litex_m2sdr_baseboard_eth_cpu_standard/software/libc/libc.a(_libc_minimal.a)
 .debug_line_str
                0x00000f2b      0x50e ../../../../build/litex_m2sdr_baseboard_eth_cpu_standard/software/libcompiler_rt/libcompiler_rt.a(ctzsi2.o)
 .debug_line_str
                0x00000f2b      0x5d4 ../../../../build/litex_m2sdr_baseboard_eth_cpu_standard/software/libbase/libbase.a(uart.o)
 .debug_line_str
                0x00000f2b      0x5fb ../../../../build/litex_m2sdr_baseboard_eth_cpu_standard/software/libbase/libbase.a(isr.o)

.debug_info     0x00000000     0x226b
 .debug_info    0x00000000       0x25 crt0.o
 .debug_info    0x00000025      0xd60 main.o
 .debug_info    0x00000d85       0xd4 ../../../../build/litex_m2sdr_baseboard_eth_cpu_standard/software/libc/libc.a(minimal__home_govindws_work_project_litex_m2_litex_m2sdr_build_litex_m2sdr_baseboard_eth_cpu_standard_software_include_.._picolibc_src_libc_string_strnlen.o)
 .debug_info    0x00000e59      0x1fd ../../../../build/litex_m2sdr_baseboard_eth_cpu_standard/software/libc/libc.a(minimal__home_govindws_work_project_litex_m2_litex_m2sdr_build_litex_m2sdr_baseboard_eth_cpu_standard_software_include_.._picolibc_src_libc_stdio_printf.o)
 .debug_info    0x00001056      0x4de ../../../../build/litex_m2sdr_baseboard_eth_cpu_standard/software/libc/libc.a(minimal__home_govindws_work_project_litex_m2_litex_m2sdr_build_litex_m2sdr_baseboard_eth_cpu_standard_software_include_.._picolibc_src_libc_stdio_vfiprintf.o)
 .debug_info    0x00001534      0x24c ../../../../build/litex_m2sdr_baseboard_eth_cpu_standard/software/libc/libc.a(_libc_minimal.a)
 .debug_info    0x00001780       0xf8 ../../../../build/litex_m2sdr_baseboard_eth_cpu_standard/software/libcompiler_rt/libcompiler_rt.a(ctzsi2.o)
 .debug_info    0x00001878      0x69c ../../../../build/litex_m2sdr_baseboard_eth_cpu_standard/software/libbase/libbase.a(uart.o)
 .debug_info    0x00001f14      0x357 ../../../../build/litex_m2sdr_baseboard_eth_cpu_standard/software/libbase/libbase.a(isr.o)

.debug_abbrev   0x00000000      0xdaa
 .debug_abbrev  0x00000000       0x14 crt0.o
 .debug_abbrev  0x00000014      0x2bf main.o
 .debug_abbrev  0x000002d3       0x8c ../../../../build/litex_m2sdr_baseboard_eth_cpu_standard/software/libc/libc.a(minimal__home_govindws_work_project_litex_m2_litex_m2sdr_build_litex_m2sdr_baseboard_eth_cpu_standard_software_include_.._picolibc_src_libc_string_strnlen.o)
 .debug_abbrev  0x0000035f      0x11d ../../../../build/litex_m2sdr_baseboard_eth_cpu_standard/software/libc/libc.a(minimal__home_govindws_work_project_litex_m2_litex_m2sdr_build_litex_m2sdr_baseboard_eth_cpu_standard_software_include_.._picolibc_src_libc_stdio_printf.o)
 .debug_abbrev  0x0000047c      0x25f ../../../../build/litex_m2sdr_baseboard_eth_cpu_standard/software/libc/libc.a(minimal__home_govindws_work_project_litex_m2_litex_m2sdr_build_litex_m2sdr_baseboard_eth_cpu_standard_software_include_.._picolibc_src_libc_stdio_vfiprintf.o)
 .debug_abbrev  0x000006db      0x173 ../../../../build/litex_m2sdr_baseboard_eth_cpu_standard/software/libc/libc.a(_libc_minimal.a)
 .debug_abbrev  0x0000084e       0x7c ../../../../build/litex_m2sdr_baseboard_eth_cpu_standard/software/libcompiler_rt/libcompiler_rt.a(ctzsi2.o)
 .debug_abbrev  0x000008ca      0x285 ../../../../build/litex_m2sdr_baseboard_eth_cpu_standard/software/libbase/libbase.a(uart.o)
 .debug_abbrev  0x00000b4f      0x25b ../../../../build/litex_m2sdr_baseboard_eth_cpu_standard/software/libbase/libbase.a(isr.o)

.debug_aranges  0x00000000      0x128
 .debug_aranges
                0x00000000       0x20 crt0.o
 .debug_aranges
                0x00000020       0x28 main.o
 .debug_aranges
                0x00000048       0x20 ../../../../build/litex_m2sdr_baseboard_eth_cpu_standard/software/libc/libc.a(minimal__home_govindws_work_project_litex_m2_litex_m2sdr_build_litex_m2sdr_baseboard_eth_cpu_standard_software_include_.._picolibc_src_libc_string_strnlen.o)
 .debug_aranges
                0x00000068       0x20 ../../../../build/litex_m2sdr_baseboard_eth_cpu_standard/software/libc/libc.a(minimal__home_govindws_work_project_litex_m2_litex_m2sdr_build_litex_m2sdr_baseboard_eth_cpu_standard_software_include_.._picolibc_src_libc_stdio_printf.o)
 .debug_aranges
                0x00000088       0x20 ../../../../build/litex_m2sdr_baseboard_eth_cpu_standard/software/libc/libc.a(minimal__home_govindws_work_project_litex_m2_litex_m2sdr_build_litex_m2sdr_baseboard_eth_cpu_standard_software_include_.._picolibc_src_libc_stdio_vfiprintf.o)
 .debug_aranges
                0x000000a8       0x20 ../../../../build/litex_m2sdr_baseboard_eth_cpu_standard/software/libc/libc.a(_libc_minimal.a)
 .debug_aranges
                0x000000c8       0x20 ../../../../build/litex_m2sdr_baseboard_eth_cpu_standard/software/libcompiler_rt/libcompiler_rt.a(ctzsi2.o)
 .debug_aranges
                0x000000e8       0x20 ../../../../build/litex_m2sdr_baseboard_eth_cpu_standard/software/libbase/libbase.a(uart.o)
 .debug_aranges
                0x00000108       0x20 ../../../../build/litex_m2sdr_baseboard_eth_cpu_standard/software/libbase/libbase.a(isr.o)

.debug_str      0x00000000    0x1483b
 .debug_str     0x00000000    0x1483b crt0.o
                                 0xb6 (size before relaxing)
 .debug_str     0x0001483b     0xae83 main.o
 .debug_str     0x0001483b     0x4535 ../../../../build/litex_m2sdr_baseboard_eth_cpu_standard/software/libc/libc.a(minimal__home_govindws_work_project_litex_m2_litex_m2sdr_build_litex_m2sdr_baseboard_eth_cpu_standard_software_include_.._picolibc_src_libc_string_strnlen.o)
 .debug_str     0x0001483b     0xb069 ../../../../build/litex_m2sdr_baseboard_eth_cpu_standard/software/libc/libc.a(minimal__home_govindws_work_project_litex_m2_litex_m2sdr_build_litex_m2sdr_baseboard_eth_cpu_standard_software_include_.._picolibc_src_libc_stdio_printf.o)
 .debug_str     0x0001483b     0xe093 ../../../../build/litex_m2sdr_baseboard_eth_cpu_standard/software/libc/libc.a(minimal__home_govindws_work_project_litex_m2_litex_m2sdr_build_litex_m2sdr_baseboard_eth_cpu_standard_software_include_.._picolibc_src_libc_stdio_vfiprintf.o)
 .debug_str     0x0001483b     0xbacc ../../../../build/litex_m2sdr_baseboard_eth_cpu_standard/software/libc/libc.a(_libc_minimal.a)
 .debug_str     0x0001483b     0x5e80 ../../../../build/litex_m2sdr_baseboard_eth_cpu_standard/software/libcompiler_rt/libcompiler_rt.a(ctzsi2.o)
 .debug_str     0x0001483b     0xae6e ../../../../build/litex_m2sdr_baseboard_eth_cpu_standard/software/libbase/libbase.a(uart.o)
 .debug_str     0x0001483b     0xb966 ../../../../build/litex_m2sdr_baseboard_eth_cpu_standard/software/libbase/libbase.a(isr.o)

.debug_loclists
                0x00000000      0xd76
 .debug_loclists
                0x00000000      0x225 main.o
 .debug_loclists
                0x00000225       0x9e ../../../../build/litex_m2sdr_baseboard_eth_cpu_standard/software/libc/libc.a(minimal__home_govindws_work_project_litex_m2_litex_m2sdr_build_litex_m2sdr_baseboard_eth_cpu_standard_software_include_.._picolibc_src_libc_string_strnlen.o)
 .debug_loclists
                0x000002c3       0x25 ../../../../build/litex_m2sdr_baseboard_eth_cpu_standard/software/libc/libc.a(minimal__home_govindws_work_project_litex_m2_litex_m2sdr_build_litex_m2sdr_baseboard_eth_cpu_standard_software_include_.._picolibc_src_libc_stdio_printf.o)
 .debug_loclists
                0x000002e8      0x4e2 ../../../../build/litex_m2sdr_baseboard_eth_cpu_standard/software/libc/libc.a(minimal__home_govindws_work_project_litex_m2_litex_m2sdr_build_litex_m2sdr_baseboard_eth_cpu_standard_software_include_.._picolibc_src_libc_stdio_vfiprintf.o)
 .debug_loclists
                0x000007ca       0x44 ../../../../build/litex_m2sdr_baseboard_eth_cpu_standard/software/libc/libc.a(_libc_minimal.a)
 .debug_loclists
                0x0000080e      0x346 ../../../../build/litex_m2sdr_baseboard_eth_cpu_standard/software/libcompiler_rt/libcompiler_rt.a(ctzsi2.o)
 .debug_loclists
                0x00000b54      0x178 ../../../../build/litex_m2sdr_baseboard_eth_cpu_standard/software/libbase/libbase.a(uart.o)
 .debug_loclists
                0x00000ccc       0xaa ../../../../build/litex_m2sdr_baseboard_eth_cpu_standard/software/libbase/libbase.a(isr.o)

.debug_rnglists
                0x00000000      0x20c
 .debug_rnglists
                0x00000000       0xbd main.o
 .debug_rnglists
                0x000000bd       0x78 ../../../../build/litex_m2sdr_baseboard_eth_cpu_standard/software/libc/libc.a(minimal__home_govindws_work_project_litex_m2_litex_m2sdr_build_litex_m2sdr_baseboard_eth_cpu_standard_software_include_.._picolibc_src_libc_stdio_vfiprintf.o)
 .debug_rnglists
                0x00000135       0x99 ../../../../build/litex_m2sdr_baseboard_eth_cpu_standard/software/libbase/libbase.a(uart.o)
 .debug_rnglists
                0x000001ce       0x3e ../../../../build/litex_m2sdr_baseboard_eth_cpu_standard/software/libbase/libbase.a(isr.o)

.debug_macro    0x00000000     0x4db1
 .debug_macro   0x00000000       0xc9 main.o
 .debug_macro   0x000000c9      0x7ae main.o
 .debug_macro   0x00000877      0x220 main.o
 .debug_macro   0x00000a97       0x9c main.o
 .debug_macro   0x00000b33       0x34 main.o
 .debug_macro   0x00000b67       0x58 main.o
 .debug_macro   0x00000bbf       0x5b main.o
 .debug_macro   0x00000c1a      0x253 main.o
 .debug_macro   0x00000e6d       0x6a main.o
 .debug_macro   0x00000ed7      0x103 main.o
 .debug_macro   0x00000fda      0x1df main.o
 .debug_macro   0x000011b9       0x40 main.o
 .debug_macro   0x000011f9       0x9a main.o
 .debug_macro   0x00001293      0x189 main.o
 .debug_macro   0x0000141c       0x22 main.o
 .debug_macro   0x0000143e       0x1c main.o
 .debug_macro   0x0000145a       0x4a main.o
 .debug_macro   0x000014a4      0xdb6 main.o
 .debug_macro   0x0000225a       0xab ../../../../build/litex_m2sdr_baseboard_eth_cpu_standard/software/libc/libc.a(minimal__home_govindws_work_project_litex_m2_litex_m2sdr_build_litex_m2sdr_baseboard_eth_cpu_standard_software_include_.._picolibc_src_libc_string_strnlen.o)
 .debug_macro   0x00002305      0x241 ../../../../build/litex_m2sdr_baseboard_eth_cpu_standard/software/libc/libc.a(minimal__home_govindws_work_project_litex_m2_litex_m2sdr_build_litex_m2sdr_baseboard_eth_cpu_standard_software_include_.._picolibc_src_libc_stdio_printf.o)
 .debug_macro   0x00002546      0x2d3 ../../../../build/litex_m2sdr_baseboard_eth_cpu_standard/software/libc/libc.a(minimal__home_govindws_work_project_litex_m2_litex_m2sdr_build_litex_m2sdr_baseboard_eth_cpu_standard_software_include_.._picolibc_src_libc_stdio_vfiprintf.o)
 .debug_macro   0x00002819       0x16 ../../../../build/litex_m2sdr_baseboard_eth_cpu_standard/software/libc/libc.a(minimal__home_govindws_work_project_litex_m2_litex_m2sdr_build_litex_m2sdr_baseboard_eth_cpu_standard_software_include_.._picolibc_src_libc_stdio_vfiprintf.o)
 .debug_macro   0x0000282f       0x10 ../../../../build/litex_m2sdr_baseboard_eth_cpu_standard/software/libc/libc.a(minimal__home_govindws_work_project_litex_m2_litex_m2sdr_build_litex_m2sdr_baseboard_eth_cpu_standard_software_include_.._picolibc_src_libc_stdio_vfiprintf.o)
 .debug_macro   0x0000283f      0x73e ../../../../build/litex_m2sdr_baseboard_eth_cpu_standard/software/libc/libc.a(minimal__home_govindws_work_project_litex_m2_litex_m2sdr_build_litex_m2sdr_baseboard_eth_cpu_standard_software_include_.._picolibc_src_libc_stdio_vfiprintf.o)
 .debug_macro   0x00002f7d       0x41 ../../../../build/litex_m2sdr_baseboard_eth_cpu_standard/software/libc/libc.a(minimal__home_govindws_work_project_litex_m2_litex_m2sdr_build_litex_m2sdr_baseboard_eth_cpu_standard_software_include_.._picolibc_src_libc_stdio_vfiprintf.o)
 .debug_macro   0x00002fbe       0x82 ../../../../build/litex_m2sdr_baseboard_eth_cpu_standard/software/libc/libc.a(minimal__home_govindws_work_project_litex_m2_litex_m2sdr_build_litex_m2sdr_baseboard_eth_cpu_standard_software_include_.._picolibc_src_libc_stdio_vfiprintf.o)
 .debug_macro   0x00003040       0x18 ../../../../build/litex_m2sdr_baseboard_eth_cpu_standard/software/libc/libc.a(minimal__home_govindws_work_project_litex_m2_litex_m2sdr_build_litex_m2sdr_baseboard_eth_cpu_standard_software_include_.._picolibc_src_libc_stdio_vfiprintf.o)
 .debug_macro   0x00003058      0x128 ../../../../build/litex_m2sdr_baseboard_eth_cpu_standard/software/libc/libc.a(_libc_minimal.a)
 .debug_macro   0x00003180      0x7ae ../../../../build/litex_m2sdr_baseboard_eth_cpu_standard/software/libc/libc.a(_libc_minimal.a)
 .debug_macro   0x0000392e       0x10 ../../../../build/litex_m2sdr_baseboard_eth_cpu_standard/software/libc/libc.a(_libc_minimal.a)
 .debug_macro   0x0000393e      0x1f0 ../../../../build/litex_m2sdr_baseboard_eth_cpu_standard/software/libc/libc.a(_libc_minimal.a)
 .debug_macro   0x00003b2e       0x16 ../../../../build/litex_m2sdr_baseboard_eth_cpu_standard/software/libc/libc.a(_libc_minimal.a)
 .debug_macro   0x00003b44       0x16 ../../../../build/litex_m2sdr_baseboard_eth_cpu_standard/software/libc/libc.a(_libc_minimal.a)
 .debug_macro   0x00003b5a       0x9a ../../../../build/litex_m2sdr_baseboard_eth_cpu_standard/software/libc/libc.a(_libc_minimal.a)
 .debug_macro   0x00003bf4      0x10b ../../../../build/litex_m2sdr_baseboard_eth_cpu_standard/software/libc/libc.a(_libc_minimal.a)
 .debug_macro   0x00003cff      0xdbc ../../../../build/litex_m2sdr_baseboard_eth_cpu_standard/software/libc/libc.a(_libc_minimal.a)
 .debug_macro   0x00004abb       0xd8 ../../../../build/litex_m2sdr_baseboard_eth_cpu_standard/software/libcompiler_rt/libcompiler_rt.a(ctzsi2.o)
 .debug_macro   0x00004b93       0xf3 ../../../../build/litex_m2sdr_baseboard_eth_cpu_standard/software/libbase/libbase.a(uart.o)
 .debug_macro   0x00004c86      0x12b ../../../../build/litex_m2sdr_baseboard_eth_cpu_standard/software/libbase/libbase.a(isr.o)
